_10       = 2*1
_100      = 2*_10
_1000     = 2*_100
_1010     = _10 + _1000
_1011     = 1 + _1010
_1100     = 1 + _1011
_1111     = _100 + _1011
_11010    = _1011 + _1111
_11100    = _10 + _11010
_110110   = _11010 + _11100
_111010   = _100 + _110110
_1000010  = _1000 + _111010
_1011110  = _11100 + _1000010
_1111010  = _11100 + _1011110
_10110000 = _110110 + _1111010
i16       = 2*_10110000
i17       = 1 + i16
i18       = _1100 + i17
i19       = _1111010 + i18
i20       = _1100 + i19
i21       = _10110000 + i20
i22       = i20 + i21
i23       = i21 + i22
i24       = _1010 + i23
i25       = _1011110 + i24
i26       = _1000010 + i25
x11       = _11100 + i26
i28       = i22 + x11
i29       = i16 + i28
i30       = _111010 + i29
x14       = i30 << 2 + i24
x18       = x14 << 4 + _1111
x32       = x18 << 14 + x14
i141      = ((x32 << 50 + x18) << 18 + x18) << 18
i165      = ((x18 + i141) << 11 + x11) << 10 + i19
i205      = ((i165 << 14 + i29) << 10 + i18) << 14
i232      = ((i30 + i205) << 13 + i25) << 11 + i19
i268      = ((i232 << 12 + i23) << 10 + i17) << 12
return      ((i26 + i268) << 15 + i28) << 6 + _1111
