_100    = 1 << 2
_101    = 1 + _100
_10100  = _101 << 2
_10101  = 1 + _10100
_101010 = 2*_10101
_111111 = _10101 + _101010
x12     = _111111 << 6 + _111111
x19     = x12 << 7 + [9] + 1
i45     = x19 << 20 + [25]
x57     = i45 << 18 + x19
i104    = x57 << 39 + i45
x191    = i104 << 95 + i104 + 1
i235    = ((x191 << 20 + x19) << 7 + _10101) << 5
return    2*(_10101 + i235) + 1
